<html>
<body>
<pre>
<h1>µVision Build Log</h1>
<h2>Tool Versions:</h2>
IDE-Version: ¶ÃVision V5.28.0.0
Copyright (C) 2019 ARM Ltd and ARM Germany GmbH. All rights reserved.
License Information: yifan mao, WuHanUniversity, LIC=KRMW3-ARBCA-RA9DM-XM0B9-Z0PQH-KLN8T
 
Tool Versions:
Toolchain:       MDK-ARM Plus  Version: 5.28.0.0
Toolchain Path:  D:\35026\myself\download\ARM\ARMCC\Bin
C Compiler:      Armcc.exe V5.06 update 6 (build 750)
Assembler:       Armasm.exe V5.06 update 6 (build 750)
Linker/Locator:  ArmLink.exe V5.06 update 6 (build 750)
Library Manager: ArmAr.exe V5.06 update 6 (build 750)
Hex Converter:   FromElf.exe V5.06 update 6 (build 750)
CPU DLL:         SARMCM3.DLL V5.28.0.0
Dialog DLL:      DCM.DLL V1.17.3.0
Target DLL:      CMSIS_AGDI.dll V1.31.18.0
Dialog DLL:      TCM.DLL V1.36.2.0
 
<h2>Project:</h2>
D:\homework\term\second\9-Ã∞≥‘…ﬂ”Œœ∑\Template.uvprojx
Project File Date:  07/07/2025

<h2>Output:</h2>
*** Using Compiler 'V5.06 update 6 (build 750)', folder: 'D:\35026\myself\download\ARM\ARMCC\Bin'
Rebuild target 'Target 1'
compiling misc.c...
compiling stm32f10x_pwr.c...
compiling stm32f10x_gpio.c...
assembling startup_stm32f10x_hd.s...
compiling stm32f10x_rcc.c...
compiling stm32f10x_iwdg.c...
compiling stm32f10x_adc.c...
compiling stm32f10x_dac.c...
compiling stm32f10x_it.c...
compiling stm32f10x_bkp.c...
compiling stm32f10x_wwdg.c...
compiling stm32f10x_exti.c...
compiling stm32f10x_usart.c...
compiling main.c...
User\main.c(252): warning:  #177-D: variable "last_second"  was declared but never referenced
      u8 last_second = 0;
User\main.c(257): warning:  #550-D: variable "current_second"  was set but never used
      u8 current_second;
User\main.c(331): warning:  #1-D: last line of file ends without a newline
  }
User\main.c: 3 warnings, 0 errors
compiling stm32f10x_tim.c...
compiling stm32f10x_dma.c...
compiling stm32f10x_rtc.c...
compiling stm32f10x_can.c...
compiling system_stm32f10x.c...
compiling stm32f10x_spi.c...
compiling stm32f10x_fsmc.c...
compiling led.c...
compiling time.c...
APP\time\time.c(48): warning:  #177-D: variable "i"  was declared but never referenced
  	static u8 i=0,j=0;
APP\time\time.c(48): warning:  #177-D: variable "j"  was declared but never referenced
  	static u8 i=0,j=0;
APP\time\time.c: 2 warnings, 0 errors
compiling key.c...
compiling core_cm3.c...
compiling touch_key.c...
compiling rtc.c...
compiling tftlcd.c...
APP\tftlcd\tftlcd.c(1116): warning:  #177-D: variable "g"  was declared but never referenced
   	u16 r=0,g=0,b=0;
APP\tftlcd\tftlcd.c(1116): warning:  #177-D: variable "b"  was declared but never referenced
   	u16 r=0,g=0,b=0;
APP\tftlcd\tftlcd.c(1117): warning:  #177-D: variable "r1"  was declared but never referenced
  	u16 r1,r2,r3;
APP\tftlcd\tftlcd.c(1117): warning:  #177-D: variable "r2"  was declared but never referenced
  	u16 r1,r2,r3;
APP\tftlcd\tftlcd.c(1117): warning:  #177-D: variable "r3"  was declared but never referenced
  	u16 r1,r2,r3;
APP\tftlcd\tftlcd.c(1118): warning:  #177-D: variable "value"  was declared but never referenced
  	u32 value;
APP\tftlcd\tftlcd.c(4238): warning:  #550-D: variable "num"  was set but never used
  	long tmp=0,num=0;
APP\tftlcd\tftlcd.c: 7 warnings, 0 errors
compiling beep.c...
compiling hc05.c...
APP\hc05\hc05.c(16): warning:  #177-D: variable "retry"  was declared but never referenced
  	u8 retry=10,t;	  		 
APP\hc05\hc05.c(16): warning:  #177-D: variable "t"  was declared but never referenced
  	u8 retry=10,t;	  		 
APP\hc05\hc05.c(17): warning:  #177-D: variable "temp"  was declared but never referenced
  	u8 temp=1;
APP\hc05\hc05.c(42): warning:  #1-D: last line of file ends without a newline
   
APP\hc05\hc05.c: 4 warnings, 0 errors
compiling dht11.c...
compiling usart3.c...
compiling system.c...
compiling snake.c...
compiling usart.c...
compiling SysTick.c...
linking...
Program Size: Code=14504 RO-data=19072 RW-data=112 ZI-data=2448  
FromELF: creating hex file...
".\Obj\Template.axf" - 0 Error(s), 16 Warning(s).

<h2>Software Packages used:</h2>

Package Vendor: Keil
                https://www.keil.com/pack/Keil.STM32F1xx_DFP.2.4.1.pack
                Keil.STM32F1xx_DFP.2.4.1
                STMicroelectronics STM32F1 Series Device Support, Drivers and Examples

<h2>Collection of Component include folders:</h2>
  .\RTE\_Target_1
  D:\35026\APPDATE\Keil\STM32F1xx_DFP\2.4.1\Device\Include

<h2>Collection of Component Files used:</h2>
Build Time Elapsed:  00:00:03
</pre>
</body>
</html>
